#
# An unexpected error has occurred (6) Aborted
#
Stack:
/lib/x86_64-linux-gnu/libc.so.6(+0x45330) [0x7d3c1ee45330]
/lib/x86_64-linux-gnu/libc.so.6(pthread_kill+0x11c) [0x7d3c1ee9ec0c]
/lib/x86_64-linux-gnu/libc.so.6(gsignal+0x1e) [0x7d3c1ee4527e]
/lib/x86_64-linux-gnu/libc.so.6(abort+0xdf) [0x7d3c1ee288ff]
/tools/2025.2/Vivado/lib/lnx64.o/Ubuntu/24/libstdc++.so.6(+0xa5ff5) [0x7d3c1f6a5ff5]
/tools/2025.2/Vivado/lib/lnx64.o/Ubuntu/24/libstdc++.so.6(+0xbb0da) [0x7d3c1f6bb0da]
/tools/2025.2/Vivado/lib/lnx64.o/Ubuntu/24/libstdc++.so.6(_ZSt10unexpectedv+0) [0x7d3c1f6a5a55]
/tools/2025.2/Vivado/lib/lnx64.o/Ubuntu/24/libstdc++.so.6(+0xbb391) [0x7d3c1f6bb391]
/tools/2025.2/Vivado/lib/lnx64.o/libxv_common.so(+0x53091c) [0x7d3c2ad3091c]
/tools/2025.2/Vivado/lib/lnx64.o/libxv_common.so(+0x530c27) [0x7d3c2ad30c27]
/tools/2025.2/Vivado/lib/lnx64.o/libxv_common.so(hdi::tcltasks::detail::collection_wrapper_base::~collection_wrapper_base()+0xeb) [0x7d3c2adff561]
/tools/2025.2/Vivado/lib/lnx64.o/libxv_commontasks.so(+0x29a073) [0x7d3c2c29a073]
/tools/2025.2/Vivado/lib/lnx64.o/libxv_common.so(hdi::tcltasks::detail::collection_wrapper_base::decr_ref() const+0x27) [0x7d3c2adfc7db]
/lib/x86_64-linux-gnu/libc.so.6(+0x47a76) [0x7d3c1ee47a76]
/lib/x86_64-linux-gnu/libc.so.6(+0x47bbe) [0x7d3c1ee47bbe]
/tools/2025.2/Vivado/tps/lnx64/jre21.0.5_11/lib//server/libjvm.so(+0xd12f09) [0x7d3bd8f12f09]
/tools/2025.2/Vivado/tps/lnx64/jre21.0.5_11/lib//server/libjvm.so(+0x91064f) [0x7d3bd8b1064f]
/tools/2025.2/Vivado/tps/lnx64/jre21.0.5_11/lib//server/libjvm.so(+0x1012267) [0x7d3bd9212267]
/tools/2025.2/Vivado/tps/lnx64/jre21.0.5_11/lib//server/libjvm.so(+0x10156df) [0x7d3bd92156df]
/tools/2025.2/Vivado/tps/lnx64/jre21.0.5_11/lib//server/libjvm.so(+0x1016467) [0x7d3bd9216467]
/tools/2025.2/Vivado/tps/lnx64/jre21.0.5_11/lib//server/libjvm.so(+0x1016767) [0x7d3bd9216767]
/tools/2025.2/Vivado/tps/lnx64/jre21.0.5_11/lib//server/libjvm.so(+0xf7eeb8) [0x7d3bd917eeb8]
/tools/2025.2/Vivado/tps/lnx64/jre21.0.5_11/lib//server/libjvm.so(+0xd08a8a) [0x7d3bd8f08a8a]
/lib/x86_64-linux-gnu/libc.so.6(+0x9cb84) [0x7d3c1ee9cb84]
/lib/x86_64-linux-gnu/libc.so.6(+0x129d6c) [0x7d3c1ef29d6c]
